Microchip MPLAB XC8 Compiler V3.00

Linker command line:

-W-3 \
  --edf=C:\Program Files\Microchip\xc8\v3.00\pic\dat\20241204225717_en.msgs \
  -cn -h+dist/default/production\WaterLevelController_XC8.production.sym \
  --cmf=dist/default/production\WaterLevelController_XC8.production.cmf -z \
  -Q18F4520 \
  -oC:\Users\Amudhapriyan\AppData\Local\Temp\xcAs1us.\driver_tmp_3.o \
  --defsym=__MPLAB_BUILD=1 --fixupoverflow=error \
  -Mdist/default/production/WaterLevelController_XC8.production.map \
  --md=C:\Users\Amudhapriyan\AppData\Local\Temp\xcAs1us.\driver_tmp_0.dat \
  -E1 -ver=XC8 Compiler -ACODE=00h-07FFFh -ACONST=00h-07FFFh \
  -ASMALLCONST=0600h-06FFhx122 -AMEDIUMCONST=0600h-07FFFh -ACOMRAM=01h-07Fh \
  -AABS1=00h-05FFh -ABIGRAM=01h-05FFh -ARAM=080h-0FFh,0100h-01FFhx5 \
  -ABANK0=080h-0FFh -ABANK1=0100h-01FFh -ABANK2=0200h-02FFh \
  -ABANK3=0300h-03FFh -ABANK4=0400h-04FFh -ABANK5=0500h-05FFh \
  -ASFR=0F80h-0FFFh -ABIGSFR=0F80h-0FFFh -ACONFIG=0300000h-030000Dh \
  -AIDLOC=0200000h-0200007h -AEEDATA=0F00000h-0F000FFh -peeprom_data=EEDATA \
  -preset_vec=00h,intcode=8h,intcodelo=18h,sivt_lo,sivt_hi=CODE \
  -ppowerup=CODE,init -pramtop=0600h -psmallconst=SMALLCONST \
  -pmediumconst=MEDIUMCONST -pconst=CONST -AFARRAM=00h-00h \
  -prdata=COMRAM,nvrram=COMRAM,nvbit=COMRAM,rbss=COMRAM,rbit=COMRAM \
  -pfarbss=FARRAM,fardata=FARRAM,nvFARRAM=FARRAM \
  -pintsave_regs=BIGRAM,bigbss=BIGRAM,bigdata=BIGRAM -pbss=RAM \
  -pidata=CODE,irdata=CODE,ibigdata=CODE,ifardata=CODE -prparam=COMRAM \
  C:\Users\Amudhapriyan\AppData\Local\Temp\xcAs1us.\driver_tmp_9.o \
  dist/default/production\WaterLevelController_XC8.production.o 

Object code version is 3.11

Machine type is 18F4520



                Name                               Link     Load   Length Selector   Space Scale
C:\Users\Amudhapriyan\AppData\Local\Temp\xcAs1us.\driver_tmp_9.o
                idloc                            200000   200000        8        0       5
                config                           300000   300000        E        0       4
                init                               7FFC     7FFC        4     3FFE       0
                reset_vec                             0        0        4        0       0
dist/default/production\WaterLevelController_XC8.production.o
                idloc                            200000   200000        8        0       5
                config                           300000   300000        E        0       4
                smallconst                          600      600       36      300       0
                text25                             1596     1596       28      31B       0
                text24                             15E0     15E0       16      31B       0
                text23                             1600     1600        A      31B       0
                text22                              FA0      FA0      104      31B       0
                text21                             14A4     14A4       38      31B       0
                text20                             146C     146C       38      31B       0
                text19                             1434     1434       38      31B       0
                text18                             161E     161E        4      31B       0
                text17                             1512     1512       2E      31B       0
                text16                             15BE     15BE       22      31B       0
                text15                             11A2     11A2       90      31B       0
                text14                             156C     156C       2A      31B       0
                text13                             13FA     13FA       3A      31B       0
                text12                             1612     1612        8      31B       0
                text11                             14DC     14DC       36      31B       0
                text10                             1232     1232       7E      31B       0
                text9                              1540     1540       2C      31B       0
                text8                              160A     160A        8      31B       0
                text7                              15F6     15F6        A      31B       0
                text6                               A5C      A5C      390      31B       0
                text5                               636      636      426      31B       0
                text4                               DEC      DEC      1B4      31B       0
                text3                              132C     132C       50      31B       0
                text2                              12B0     12B0       7C      31B       0
                text1                              137C     137C       44      31B       0
                text0                              10A4     10A4       FE      31B       0
                cstackCOMRAM                          1        1       49        1       1
                dataCOMRAM                           59       59        4        1       1
                bssCOMRAM                            4A       4A        F        1       1
                cinit                              13C0     13C0       3A      31B       0
                idataCOMRAM                        161A     161A        4      31B       0

TOTAL           Name                               Link     Load   Length     Space
        CLASS   CODE           
                init                               7FFC     7FFC        4         0
                reset_vec                             0        0        4         0
                text25                             1596     1596       28         0
                text24                             15E0     15E0       16         0
                text23                             1600     1600        A         0
                text22                              FA0      FA0      104         0
                text21                             14A4     14A4       38         0
                text20                             146C     146C       38         0
                text19                             1434     1434       38         0
                text18                             161E     161E        4         0
                text17                             1512     1512       2E         0
                text16                             15BE     15BE       22         0
                text15                             11A2     11A2       90         0
                text14                             156C     156C       2A         0
                text13                             13FA     13FA       3A         0
                text12                             1612     1612        8         0
                text11                             14DC     14DC       36         0
                text10                             1232     1232       7E         0
                text9                              1540     1540       2C         0
                text8                              160A     160A        8         0
                text7                              15F6     15F6        A         0
                text6                               A5C      A5C      390         0
                text5                               636      636      426         0
                text4                               DEC      DEC      1B4         0
                text3                              132C     132C       50         0
                text2                              12B0     12B0       7C         0
                text1                              137C     137C       44         0
                text0                              10A4     10A4       FE         0
                cinit                              13C0     13C0       3A         0
                idataCOMRAM                        161A     161A        4         0

        CLASS   CONST          

        CLASS   SMALLCONST     
                smallconst                          600      600       36         0

        CLASS   MEDIUMCONST    

        CLASS   COMRAM         
                cstackCOMRAM                          1        1       49         1
                dataCOMRAM                           59       59        4         1
                bssCOMRAM                            4A       4A        F         1

        CLASS   ABS1           

        CLASS   BIGRAM         

        CLASS   RAM            

        CLASS   BANK0          

        CLASS   BANK1          

        CLASS   BANK2          

        CLASS   BANK3          

        CLASS   BANK4          

        CLASS   BANK5          

        CLASS   SFR            

        CLASS   BIGSFR         

        CLASS   CONFIG         
                config                           300000   300000        E         4

        CLASS   IDLOC          
                idloc                            200000   200000        8         5

        CLASS   EEDATA         

        CLASS   FARRAM         

        CLASS   HEAP           

        CLASS   STACK          



SEGMENTS        Name                           Load    Length   Top    Selector   Space  Class

                reset_vec                      000000  000004  000004         0       0  CODE    
                cstackCOMRAM                   000001  00005C  00005D         1       1  COMRAM  
                smallconst                     000600  000036  000636       300       0  SMALLCON
                text5                          000636  000FEC  001622       31B       0  CODE    
                init                           007FFC  000004  008000      3FFE       0  CODE    


UNUSED ADDRESS RANGES

        Name                Unused          Largest block    Delta
        BANK0            000080-0000FF               80
        BANK1            000100-0001FF              100
        BANK2            000200-0002FF              100
        BANK3            000300-0003FF              100
        BANK4            000400-0004FF              100
        BANK5            000500-0005FF              100
        BIGRAM           00005D-0005FF              5A3
        BIGSFR           000F80-000FFF               80
        CODE             000004-0005FF              5FC
                         001622-007FFB             69DA
        COMRAM           00005D-00007F               23
        CONST            000004-0005FF              5FC
                         001622-007FFB             69DA
        EEDATA           F00000-F000FF              100
        MEDIUMCONST      001622-007FFB             69DA
        RAM              000080-0005FF              100
        SFR              000F80-000FFF               80
        SMALLCONST       001622-007FFB              100

                                  Symbol Table

?___fldiv                     cstackCOMRAM 000028
?___flmul                     cstackCOMRAM 00000F
?___xxtofl                    cstackCOMRAM 000001
?_read_adc_raw                cstackCOMRAM 000001
?_read_adc_voltage            cstackCOMRAM 000041
_ADCON0                       (abs)        000FC2
_ADCON0bits                   (abs)        000FC2
_ADCON1                       (abs)        000FC1
_ADCON2bits                   (abs)        000FC0
_ADRESH                       (abs)        000FC4
_ADRESL                       (abs)        000FC3
_EEADR                        (abs)        000FA9
_EECON1bits                   (abs)        000FA6
_EECON2                       (abs)        000FA7
_EEDATA                       (abs)        000FA8
_INTCONbits                   (abs)        000FF2
_LATBbits                     (abs)        000F8A
_LATCbits                     (abs)        000F8B
_LATDbits                     (abs)        000F8C
_PORTCbits                    (abs)        000F82
_TRISB                        (abs)        000F93
_TRISBbits                    (abs)        000F93
_TRISC                        (abs)        000F94
_TRISCbits                    (abs)        000F94
_TRISD                        (abs)        000F95
_TRISEbits                    (abs)        000F96
__HRAM                        (abs)        000000
__H__absolute__               __absolute__ 000000
__Habs1                       abs1         000000
__Hbank0                      bank0        000000
__Hbank1                      bank1        000000
__Hbank2                      bank2        000000
__Hbank3                      bank3        000000
__Hbank4                      bank4        000000
__Hbank5                      bank5        000000
__Hbigbss                     bigbss       000000
__Hbigdata                    bigdata      000000
__Hbigram                     bigram       000000
__Hbigsfr                     bigsfr       000000
__Hbss                        bss          000000
__HbssCOMRAM                  bssCOMRAM    000000
__Hcinit                      cinit        000000
__Hclrtext                    clrtext      000000
__Hcomram                     comram       000000
__Hconfig                     config       30000E
__Hconst                      const        000000
__HcstackCOMRAM               cstackCOMRAM 000000
__Hdata                       data         000000
__HdataCOMRAM                 dataCOMRAM   000000
__Heeprom_data                eeprom_data  000000
__Hfarbss                     farbss       000000
__Hfardata                    fardata      000000
__Hheap                       heap         000000
__Hibigdata                   ibigdata     000000
__Hidata                      idata        000000
__HidataCOMRAM                idataCOMRAM  000000
__Hidloc                      idloc        200008
__Hifardata                   ifardata     000000
__Hinit                       init         008000
__Hintcode                    intcode      000008
__Hintcode_body               intcode_body 000000
__Hintcodelo                  intcodelo    000018
__Hintentry                   intentry     000000
__Hintret                     intret       000000
__Hintsave_regs               intsave_regs 000000
__Hirdata                     irdata       000000
__Hmediumconst                mediumconst  000000
__HnvFARRAM                   nvFARRAM     000000
__Hnvbit                      nvbit        000000
__Hnvrram                     nvrram       000000
__Hparam                      rparam       000000
__Hpowerup                    powerup      000000
__Hram                        ram          000000
__Hramtop                     ramtop       000600
__Hrbit                       rbit         000000
__Hrbss                       rbss         000000
__Hrdata                      rdata        000000
__Hreset_vec                  reset_vec    000004
__Hrparam                     rparam       000000
__Hsfr                        sfr          000000
__Hsivt_hi                    sivt_hi      000000
__Hsivt_lo                    sivt_lo      000018
__Hsmallconst                 smallconst   000636
__Hspace_0                    (abs)        008000
__Hspace_1                    (abs)        00005D
__Hspace_2                    (abs)        000000
__Hspace_4                    (abs)        60000E
__Hstack                      stack        000000
__Hstruct                     struct       000000
__Htemp                       temp         000000
__Htext                       text         000000
__Htext0                      text0        000000
__Htext1                      text1        000000
__Htext10                     text10       000000
__Htext11                     text11       000000
__Htext12                     text12       000000
__Htext13                     text13       000000
__Htext14                     text14       000000
__Htext15                     text15       000000
__Htext16                     text16       000000
__Htext17                     text17       000000
__Htext18                     text18       000000
__Htext19                     text19       000000
__Htext2                      text2        000000
__Htext20                     text20       000000
__Htext21                     text21       000000
__Htext22                     text22       000000
__Htext23                     text23       000000
__Htext24                     text24       000000
__Htext25                     text25       000000
__Htext3                      text3        000000
__Htext4                      text4        000000
__Htext5                      text5        000000
__Htext6                      text6        000000
__Htext7                      text7        000000
__Htext8                      text8        000000
__Htext9                      text9        000000
__LRAM                        (abs)        000001
__L__absolute__               __absolute__ 000000
__Labs1                       abs1         000000
__Lbank0                      bank0        000000
__Lbank1                      bank1        000000
__Lbank2                      bank2        000000
__Lbank3                      bank3        000000
__Lbank4                      bank4        000000
__Lbank5                      bank5        000000
__Lbigbss                     bigbss       000000
__Lbigdata                    bigdata      000000
__Lbigram                     bigram       000000
__Lbigsfr                     bigsfr       000000
__Lbss                        bss          000000
__LbssCOMRAM                  bssCOMRAM    000000
__Lcinit                      cinit        000000
__Lclrtext                    clrtext      000000
__Lcomram                     comram       000000
__Lconfig                     config       000000
__Lconst                      const        000000
__LcstackCOMRAM               cstackCOMRAM 000000
__Ldata                       data         000000
__LdataCOMRAM                 dataCOMRAM   000000
__Leeprom_data                eeprom_data  000000
__Lfarbss                     farbss       000000
__Lfardata                    fardata      000000
__Lheap                       heap         000000
__Libigdata                   ibigdata     000000
__Lidata                      idata        000000
__LidataCOMRAM                idataCOMRAM  000000
__Lidloc                      idloc        000000
__Lifardata                   ifardata     000000
__Linit                       init         007FFC
__Lintcode                    intcode      000008
__Lintcode_body               intcode_body 000000
__Lintcodelo                  intcodelo    000018
__Lintentry                   intentry     000000
__Lintret                     intret       000000
__Lintsave_regs               intsave_regs 000000
__Lirdata                     irdata       000000
__Lmediumconst                mediumconst  000000
__LnvFARRAM                   nvFARRAM     000000
__Lnvbit                      nvbit        000000
__Lnvrram                     nvrram       000000
__Lparam                      rparam       000000
__Lpowerup                    powerup      000000
__Lram                        ram          000000
__Lramtop                     ramtop       000600
__Lrbit                       rbit         000000
__Lrbss                       rbss         000000
__Lrdata                      rdata        000000
__Lreset_vec                  reset_vec    000000
__Lrparam                     rparam       000000
__Lsfr                        sfr          000000
__Lsivt_hi                    sivt_hi      000000
__Lsivt_lo                    sivt_lo      000018
__Lsmallconst                 smallconst   000600
__Lspace_0                    (abs)        000000
__Lspace_1                    (abs)        000000
__Lspace_2                    (abs)        000000
__Lspace_4                    (abs)        000000
__Lstack                      stack        000000
__Lstruct                     struct       000000
__Ltemp                       temp         000000
__Ltext                       text         000000
__Ltext0                      text0        000000
__Ltext1                      text1        000000
__Ltext10                     text10       000000
__Ltext11                     text11       000000
__Ltext12                     text12       000000
__Ltext13                     text13       000000
__Ltext14                     text14       000000
__Ltext15                     text15       000000
__Ltext16                     text16       000000
__Ltext17                     text17       000000
__Ltext18                     text18       000000
__Ltext19                     text19       000000
__Ltext2                      text2        000000
__Ltext20                     text20       000000
__Ltext21                     text21       000000
__Ltext22                     text22       000000
__Ltext23                     text23       000000
__Ltext24                     text24       000000
__Ltext25                     text25       000000
__Ltext3                      text3        000000
__Ltext4                      text4        000000
__Ltext5                      text5        000000
__Ltext6                      text6        000000
__Ltext7                      text7        000000
__Ltext8                      text8        000000
__Ltext9                      text9        000000
__S0                          (abs)        008000
__S1                          (abs)        00005D
__S4                          (abs)        000000
__S5                          (abs)        000000
___fldiv                      text6        000A5C
___fldiv@a                    cstackCOMRAM 00002C
___fldiv@aexp                 cstackCOMRAM 000040
___fldiv@b                    cstackCOMRAM 000028
___fldiv@bexp                 cstackCOMRAM 00003F
___fldiv@grs                  cstackCOMRAM 00003B
___fldiv@new_exp              cstackCOMRAM 000039
___fldiv@rem                  cstackCOMRAM 000034
___fldiv@sign                 cstackCOMRAM 000038
___flge                       text22       000FA0
___flge@ff1                   cstackCOMRAM 000001
___flge@ff2                   cstackCOMRAM 000005
___flmul                      text5        000636
___flmul@a                    cstackCOMRAM 000013
___flmul@aexp                 cstackCOMRAM 000020
___flmul@b                    cstackCOMRAM 00000F
___flmul@bexp                 cstackCOMRAM 000021
___flmul@grs                  cstackCOMRAM 00001C
___flmul@prod                 cstackCOMRAM 000022
___flmul@sign                 cstackCOMRAM 00001B
___flmul@temp                 cstackCOMRAM 000026
___heap_hi                    (abs)        000000
___heap_lo                    (abs)        000000
___inthi_sp                   stack        000000
___inthi_stack_hi             stack        000000
___inthi_stack_lo             stack        000000
___intlo_sp                   stack        000000
___intlo_stack_hi             stack        000000
___intlo_stack_lo             stack        000000
___param_bank                 (abs)        000000
___rparam_used                (abs)        000001
___sp                         stack        000000
___stack_hi                   stack        000000
___stack_lo                   stack        000000
___xxtofl                     text4        000DEC
___xxtofl@arg                 cstackCOMRAM 00000B
___xxtofl@exp                 cstackCOMRAM 00000A
___xxtofl@sign                cstackCOMRAM 000009
___xxtofl@val                 cstackCOMRAM 000001
__accesstop                   (abs)        000080
__activetblptr                (abs)        000001
__end_of___fldiv              text6        000DEC
__end_of___flge               text22       0010A4
__end_of___flmul              text5        000A5C
__end_of___xxtofl             text4        000FA0
__end_of__initialization      cinit        0013EC
__end_of_init_adc             text25       0015BE
__end_of_init_led             text24       0015F6
__end_of_init_motor           text23       00160A
__end_of_is_dry_run_triggered text21       0014DC
__end_of_is_high_level        text20       0014A4
__end_of_is_low_level         text19       00146C
__end_of_is_motor_running     text18       001622
__end_of_lcd_clear            text12       00161A
__end_of_lcd_delay_ms         text17       001540
__end_of_lcd_delay_us         text16       0015E0
__end_of_lcd_gotoxy           text11       001512
__end_of_lcd_init             text10       0012B0
__end_of_lcd_putc             text13       001434
__end_of_lcd_puts             text9        00156C
__end_of_lcd_send_byte        text14       001596
__end_of_lcd_send_nibble      text15       001232
__end_of_main                 text0        0011A2
__end_of_motor_off            text8        001612
__end_of_motor_on             text7        001600
__end_of_read_adc_raw         text3        00137C
__end_of_read_adc_voltage     text2        00132C
__end_of_update_sensor_values text1        0013C0
__initialization              cinit        0013C0
__mediumconst                 smallconst   000600
__pbssCOMRAM                  bssCOMRAM    00004A
__pcinit                      cinit        0013C0
__pcstackCOMRAM               cstackCOMRAM 000001
__pdataCOMRAM                 dataCOMRAM   000059
__pidataCOMRAM                idataCOMRAM  00161A
__psmallconst                 smallconst   000600
__ptext0                      text0        0010A4
__ptext1                      text1        00137C
__ptext10                     text10       001232
__ptext11                     text11       0014DC
__ptext12                     text12       001612
__ptext13                     text13       0013FA
__ptext14                     text14       00156C
__ptext15                     text15       0011A2
__ptext16                     text16       0015BE
__ptext17                     text17       001512
__ptext18                     text18       00161E
__ptext19                     text19       001434
__ptext2                      text2        0012B0
__ptext20                     text20       00146C
__ptext21                     text21       0014A4
__ptext22                     text22       000FA0
__ptext23                     text23       001600
__ptext24                     text24       0015E0
__ptext25                     text25       001596
__ptext3                      text3        00132C
__ptext4                      text4        000DEC
__ptext5                      text5        000636
__ptext6                      text6        000A5C
__ptext7                      text7        0015F6
__ptext8                      text8        00160A
__ptext9                      text9        001540
__ramtop                      ramtop       000600
__smallconst                  smallconst   000600
_dry_run_count                bssCOMRAM    000056
_dry_val                      bssCOMRAM    00004A
_high_val                     bssCOMRAM    00004E
_init_adc                     text25       001596
_init_led                     text24       0015E0
_init_motor                   text23       001600
_is_dry_run_triggered         text21       0014A4
_is_high_level                text20       00146C
_is_low_level                 text19       001434
_is_motor_running             text18       00161E
_lcd_clear                    text12       001612
_lcd_delay_ms                 text17       001512
_lcd_delay_us                 text16       0015BE
_lcd_gotoxy                   text11       0014DC
_lcd_init                     text10       001232
_lcd_putc                     text13       0013FA
_lcd_puts                     text9        001540
_lcd_send_byte                text14       00156C
_lcd_send_nibble              text15       0011A2
_low_val                      bssCOMRAM    000052
_main                         text0        0010A4
_motor_off                    text8        00160A
_motor_on                     text7        0015F6
_motor_state                  bssCOMRAM    000058
_read_adc_raw                 text3        00132C
_read_adc_voltage             text2        0012B0
_update_sensor_values         text1        00137C
end_of_initialization         cinit        0013EC
intlevel0                     text         000000
intlevel1                     text         000000
intlevel2                     text         000000
intlevel3                     text         000000
isa$std                       (abs)        000001
isa$xinst                     (abs)        000000
lcd_delay_ms@ms               cstackCOMRAM 000001
lcd_delay_us@us               cstackCOMRAM 000001
lcd_gotoxy@F3092              dataCOMRAM   000059
lcd_gotoxy@addr               cstackCOMRAM 00000A
lcd_gotoxy@x                  cstackCOMRAM 00000E
lcd_gotoxy@y                  cstackCOMRAM 000007
lcd_init@i                    cstackCOMRAM 000007
lcd_putc@c                    cstackCOMRAM 000007
lcd_puts@str                  cstackCOMRAM 000008
lcd_send_byte@byte            cstackCOMRAM 000005
lcd_send_byte@isData          cstackCOMRAM 000006
lcd_send_nibble@nibble        cstackCOMRAM 000004
read_adc_raw@channel          cstackCOMRAM 000005
read_adc_voltage@channel      cstackCOMRAM 000047
read_adc_voltage@raw          cstackCOMRAM 000045
stackhi                       (abs)        000000
stacklo                       (abs)        000000
start                         init         007FFC
start_initialization          cinit        0013C0


MODULE INFORMATION

Module		Function		Class		Link	Load	Size
C:\Program Files\Microchip\xc8\v3.00\pic\sources\c99\common\flge.c
		___flge        		CODE           	0FA0	0000	260

C:\Program Files\Microchip\xc8\v3.00\pic\sources\c99\common\flge.c estimated size: 260

WaterLevelController.X/src/main.c
		_init_led      		CODE           	15E0	0000	22
		_main          		CODE           	10A4	0000	254

WaterLevelController.X/src/main.c estimated size: 276

WaterLevelController.X/src/motor_control.c
		_init_motor    		CODE           	1600	0000	10
		_is_motor_running		CODE           	161E	0000	4
		_motor_on      		CODE           	15F6	0000	10
		_motor_off     		CODE           	160A	0000	8

WaterLevelController.X/src/motor_control.c estimated size: 32

WaterLevelController.X/src/adc.c
		_init_adc      		CODE           	1596	0000	40
		_read_adc_raw  		CODE           	132C	0000	80
		_read_adc_voltage		CODE           	12B0	0000	124

WaterLevelController.X/src/adc.c estimated size: 244

WaterLevelController.X/src/lcd.c
		_lcd_delay_ms  		CODE           	1512	0000	46
		_lcd_delay_us  		CODE           	15BE	0000	34
		_lcd_putc      		CODE           	13FA	0000	58
		_lcd_puts      		CODE           	1540	0000	44
		_lcd_send_byte 		CODE           	156C	0000	42
		_lcd_clear     		CODE           	1612	0000	8
		_lcd_gotoxy    		CODE           	14DC	0000	54
		_lcd_send_nibble		CODE           	11A2	0000	144
		_lcd_init      		CODE           	1232	0000	126

WaterLevelController.X/src/lcd.c estimated size: 556

C:\Program Files\Microchip\xc8\v3.00\pic\sources\c99\common\sprcmul.c
		___flmul       		CODE           	0636	0000	1062

C:\Program Files\Microchip\xc8\v3.00\pic\sources\c99\common\sprcmul.c estimated size: 1062

C:\Program Files\Microchip\xc8\v3.00\pic\sources\c99\common\sprcdiv.c
		___fldiv       		CODE           	0A5C	0000	912

C:\Program Files\Microchip\xc8\v3.00\pic\sources\c99\common\sprcdiv.c estimated size: 912

shared
		__initialization		CODE           	13C0	0000	44

shared estimated size: 44

C:\Program Files\Microchip\xc8\v3.00\pic\sources\c99\common\xxtofl.c
		___xxtofl      		CODE           	0DEC	0000	436

C:\Program Files\Microchip\xc8\v3.00\pic\sources\c99\common\xxtofl.c estimated size: 436

WaterLevelController.X/src/sensors.c
		_update_sensor_values		CODE           	137C	0000	68
		_is_low_level  		CODE           	1434	0000	56
		_is_dry_run_triggered		CODE           	14A4	0000	56
		_is_high_level 		CODE           	146C	0000	56

WaterLevelController.X/src/sensors.c estimated size: 236

